
> cashier@0.1.0 test:run
> vitest run


[1m[46m RUN [49m[22m [36mv4.0.18 [39m[90m/Users/xiangyu/Projects/Cashier[39m

[90mstdout[2m | tests/unit/components/BatchTransactionCard.test.tsx
[22m[39m{
  severity_local: [32m'NOTICE'[39m,
  severity: [32m'NOTICE'[39m,
  code: [32m'42P07'[39m,
  message: [32m'relation "api_keys" already exists, skipping'[39m,
  file: [32m'parse_utilcmd.c'[39m,
  line: [32m'207'[39m,
  routine: [32m'transformCreateStmt'[39m
}

 [31m❯[39m tests/unit/components/BatchTransactionCard.test.tsx [2m([22m[2m7 tests[22m[2m | [22m[31m2 failed[39m[2m)[22m[33m 1176[2mms[22m[39m
     [32m✓[39m renders date header[32m 28[2mms[22m[39m
     [32m✓[39m renders text content[32m 5[2mms[22m[39m
     [32m✓[39m renders single image content[32m 14[2mms[22m[39m
     [32m✓[39m renders multiple images content (JSON array)[32m 9[2mms[22m[39m
     [32m✓[39m renders mixed content (JSON object)[32m 9[2mms[22m[39m
[31m     [31m×[31m renders transaction details groups[39m[32m 10[2mms[22m[39m
[31m     [31m×[31m opens image zoom dialog on click[39m[33m 1030[2mms[22m[39m
[90mstdout[2m | tests/integration/flows/full-transaction-flow.test.ts
[22m[39m{
  severity_local: [32m'NOTICE'[39m,
  severity: [32m'NOTICE'[39m,
  code: [32m'42P07'[39m,
  message: [32m'relation "api_keys" already exists, skipping'[39m,
  file: [32m'parse_utilcmd.c'[39m,
  line: [32m'207'[39m,
  routine: [32m'transformCreateStmt'[39m
}

 [31m❯[39m tests/integration/flows/full-transaction-flow.test.ts [2m([22m[2m5 tests[22m[2m | [22m[31m1 failed[39m[2m)[22m[33m 890[2mms[22m[39m
     [32m✓[39m should complete: create ledger -> verify categories -> send message -> verify transactions[32m 237[2mms[22m[39m
     [32m✓[39m should filter transactions by status[32m 237[2mms[22m[39m
     [32m✓[39m should cascade delete all related data when ledger is deleted[32m 259[2mms[22m[39m
     [32m✓[39m should list all ledgers after creating multiple[32m 42[2mms[22m[39m
[31m     [31m×[31m should correctly associate transactions with categories[39m[32m 43[2mms[22m[39m
[90mstdout[2m | tests/integration/api/messages.test.ts
[22m[39m{
  severity_local: [32m'NOTICE'[39m,
  severity: [32m'NOTICE'[39m,
  code: [32m'42P07'[39m,
  message: [32m'relation "api_keys" already exists, skipping'[39m,
  file: [32m'parse_utilcmd.c'[39m,
  line: [32m'207'[39m,
  routine: [32m'transformCreateStmt'[39m
}

[90mstderr[2m | tests/integration/api/messages.test.ts[2m > [22m[2mPOST /api/ledgers/[id]/messages[2m > [22m[2mshould return 404 for non-existent ledger
[22m[39mFailed to process message 21f0c8c1-f4ce-487d-8ef1-14355981a63e: DrizzleQueryError: Failed query: insert into "transactions" ("id", "ledger_id", "category_id", "input_message_id", "amount", "currency", "item_name", "description", "status", "source_type", "transaction_date", "metadata", "created_at") values (default, $1, $2, $3, $4, $5, $6, $7, $8, $9, $10, $11, default)
params: c80f0312-5baf-4158-922a-4d2c68c2a036,,21f0c8c1-f4ce-487d-8ef1-14355981a63e,25.5,CNY,午餐,,pending,text,2025-01-25T00:00:00.000Z,{}
    at PostgresJsPreparedQuery.queryWithCache [90m(file:///Users/xiangyu/Projects/Cashier/[39mnode_modules/[4mdrizzle-orm[24m/pg-core/session.js:41:15[90m)[39m
[90m    at processTicksAndRejections (node:internal/process/task_queues:104:5)[39m
    at handleMessageProcessing [90m(/Users/xiangyu/Projects/Cashier/[39msrc/lib/queue.ts:90:9[90m)[39m
    at processNextMessage [90m(/Users/xiangyu/Projects/Cashier/[39msrc/lib/queue.ts:34:9[90m)[39m
    at processMessageQueue [90m(/Users/xiangyu/Projects/Cashier/[39msrc/lib/queue.ts:14:9[90m)[39m {
  query: [32m'insert into "transactions" ("id", "ledger_id", "category_id", "input_message_id", "amount", "currency", "item_name", "description", "status", "source_type", "transaction_date", "metadata", "created_at") values (default, $1, $2, $3, $4, $5, $6, $7, $8, $9, $10, $11, default)'[39m,
  params: [
    [32m'c80f0312-5baf-4158-922a-4d2c68c2a036'[39m,
    [1mnull[22m,
    [32m'21f0c8c1-f4ce-487d-8ef1-14355981a63e'[39m,
    [32m'25.5'[39m,
    [32m'CNY'[39m,
    [32m'午餐'[39m,
    [1mnull[22m,
    [32m'pending'[39m,
    [32m'text'[39m,
    [32m'2025-01-25T00:00:00.000Z'[39m,
    [32m'{}'[39m
  ],
  cause: PostgresError: insert or update on table "transactions" violates foreign key constraint "transactions_ledger_id_fkey"
      at ErrorResponse [90m(file:///Users/xiangyu/Projects/Cashier/[39mnode_modules/[4mpostgres[24m/src/connection.js:815:30[90m)[39m
      at handle [90m(file:///Users/xiangyu/Projects/Cashier/[39mnode_modules/[4mpostgres[24m/src/connection.js:489:6[90m)[39m
      at Socket.data [90m(file:///Users/xiangyu/Projects/Cashier/[39mnode_modules/[4mpostgres[24m/src/connection.js:324:9[90m)[39m
  [90m    at Socket.emit (node:events:508:20)[39m
  [90m    at addChunk (node:internal/streams/readable:564:12)[39m
  [90m    at readableAddChunkPushByteMode (node:internal/streams/readable:515:3)[39m
  [90m    at Socket.Readable.push (node:internal/streams/readable:395:5)[39m
  [90m    at TCP.onStreamRead (node:internal/stream_base_commons:189:23)[39m {
    severity_local: [32m'ERROR'[39m,
    severity: [32m'ERROR'[39m,
    code: [32m'23503'[39m,
    detail: [32m'Key (ledger_id)=(c80f0312-5baf-4158-922a-4d2c68c2a036) is not present in table "ledgers".'[39m,
    schema_name: [32m'public'[39m,
    table_name: [32m'transactions'[39m,
    constraint_name: [32m'transactions_ledger_id_fkey'[39m,
    file: [32m'ri_triggers.c'[39m,
    line: [32m'2608'[39m,
    routine: [32m'ri_ReportViolation'[39m
  }
}

[90mstderr[2m | tests/integration/api/messages.test.ts[2m > [22m[2mPOST /api/ledgers/[id]/messages[2m > [22m[2mshould persist transactions with metadata
[22m[39mFailed to process message dc620542-42b6-40e0-8262-6cf6a1852c78: DrizzleQueryError: Failed query: insert into "transactions" ("id", "ledger_id", "category_id", "input_message_id", "amount", "currency", "item_name", "description", "status", "source_type", "transaction_date", "metadata", "created_at") values (default, $1, $2, $3, $4, $5, $6, $7, $8, $9, $10, $11, default)
params: d955911c-f0a5-4ee0-9f84-313c3800773b,,dc620542-42b6-40e0-8262-6cf6a1852c78,25.5,CNY,午餐,,pending,image,2025-01-25T00:00:00.000Z,{}
    at PostgresJsPreparedQuery.queryWithCache [90m(file:///Users/xiangyu/Projects/Cashier/[39mnode_modules/[4mdrizzle-orm[24m/pg-core/session.js:41:15[90m)[39m
[90m    at processTicksAndRejections (node:internal/process/task_queues:104:5)[39m
    at handleMessageProcessing [90m(/Users/xiangyu/Projects/Cashier/[39msrc/lib/queue.ts:90:9[90m)[39m
    at processNextMessage [90m(/Users/xiangyu/Projects/Cashier/[39msrc/lib/queue.ts:34:9[90m)[39m
    at processMessageQueue [90m(/Users/xiangyu/Projects/Cashier/[39msrc/lib/queue.ts:14:9[90m)[39m {
  query: [32m'insert into "transactions" ("id", "ledger_id", "category_id", "input_message_id", "amount", "currency", "item_name", "description", "status", "source_type", "transaction_date", "metadata", "created_at") values (default, $1, $2, $3, $4, $5, $6, $7, $8, $9, $10, $11, default)'[39m,
  params: [
    [32m'd955911c-f0a5-4ee0-9f84-313c3800773b'[39m,
    [1mnull[22m,
    [32m'dc620542-42b6-40e0-8262-6cf6a1852c78'[39m,
    [32m'25.5'[39m,
    [32m'CNY'[39m,
    [32m'午餐'[39m,
    [1mnull[22m,
    [32m'pending'[39m,
    [32m'image'[39m,
    [32m'2025-01-25T00:00:00.000Z'[39m,
    [32m'{}'[39m
  ],
  cause: PostgresError: insert or update on table "transactions" violates foreign key constraint "transactions_ledger_id_fkey"
      at ErrorResponse [90m(file:///Users/xiangyu/Projects/Cashier/[39mnode_modules/[4mpostgres[24m/src/connection.js:815:30[90m)[39m
      at handle [90m(file:///Users/xiangyu/Projects/Cashier/[39mnode_modules/[4mpostgres[24m/src/connection.js:489:6[90m)[39m
      at Socket.data [90m(file:///Users/xiangyu/Projects/Cashier/[39mnode_modules/[4mpostgres[24m/src/connection.js:324:9[90m)[39m
  [90m    at Socket.emit (node:events:508:20)[39m
  [90m    at addChunk (node:internal/streams/readable:564:12)[39m
  [90m    at readableAddChunkPushByteMode (node:internal/streams/readable:515:3)[39m
  [90m    at Socket.Readable.push (node:internal/streams/readable:395:5)[39m
  [90m    at TCP.onStreamRead (node:internal/stream_base_commons:189:23)[39m {
    severity_local: [32m'ERROR'[39m,
    severity: [32m'ERROR'[39m,
    code: [32m'23503'[39m,
    detail: [32m'Key (ledger_id)=(d955911c-f0a5-4ee0-9f84-313c3800773b) is not present in table "ledgers".'[39m,
    schema_name: [32m'public'[39m,
    table_name: [32m'transactions'[39m,
    constraint_name: [32m'transactions_ledger_id_fkey'[39m,
    file: [32m'ri_triggers.c'[39m,
    line: [32m'2608'[39m,
    routine: [32m'ri_ReportViolation'[39m
  }
}

 [32m✓[39m tests/integration/api/messages.test.ts [2m([22m[2m9 tests[22m[2m)[22m[33m 1047[2mms[22m[39m
[90mstdout[2m | tests/integration/api/transactions.test.ts
[22m[39m{
  severity_local: [32m'NOTICE'[39m,
  severity: [32m'NOTICE'[39m,
  code: [32m'42P07'[39m,
  message: [32m'relation "api_keys" already exists, skipping'[39m,
  file: [32m'parse_utilcmd.c'[39m,
  line: [32m'207'[39m,
  routine: [32m'transformCreateStmt'[39m
}

 [32m✓[39m tests/integration/api/transactions.test.ts [2m([22m[2m13 tests[22m[2m)[22m[32m 162[2mms[22m[39m
[90mstdout[2m | tests/unit/components/TransactionInput.test.tsx
[22m[39m{
  severity_local: [32m'NOTICE'[39m,
  severity: [32m'NOTICE'[39m,
  code: [32m'42P07'[39m,
  message: [32m'relation "api_keys" already exists, skipping'[39m,
  file: [32m'parse_utilcmd.c'[39m,
  line: [32m'207'[39m,
  routine: [32m'transformCreateStmt'[39m
}

 [32m✓[39m tests/unit/components/TransactionInput.test.tsx [2m([22m[2m3 tests[22m[2m)[22m[32m 133[2mms[22m[39m
[90mstdout[2m | tests/unit/db/transactions.test.ts
[22m[39m{
  severity_local: [32m'NOTICE'[39m,
  severity: [32m'NOTICE'[39m,
  code: [32m'42P07'[39m,
  message: [32m'relation "api_keys" already exists, skipping'[39m,
  file: [32m'parse_utilcmd.c'[39m,
  line: [32m'207'[39m,
  routine: [32m'transformCreateStmt'[39m
}

 [32m✓[39m tests/unit/db/transactions.test.ts [2m([22m[2m11 tests[22m[2m)[22m[32m 103[2mms[22m[39m
[90mstdout[2m | tests/unit/ai/retry.test.ts
[22m[39m{
  severity_local: [32m'NOTICE'[39m,
  severity: [32m'NOTICE'[39m,
  code: [32m'42P07'[39m,
  message: [32m'relation "api_keys" already exists, skipping'[39m,
  file: [32m'parse_utilcmd.c'[39m,
  line: [32m'207'[39m,
  routine: [32m'transformCreateStmt'[39m
}

[90mstderr[2m | tests/unit/ai/retry.test.ts[2m > [22m[2mOpenAIClient Retry Logic[2m > [22m[2mshould retry on retryable error and succeed
[22m[39mOpenAI request failed (attempt 1/3). Retrying in 10ms... Error: Rate limit 429
    at [90m/Users/xiangyu/Projects/Cashier/[39mtests/unit/ai/retry.test.ts:70:23
    at [90mfile:///Users/xiangyu/Projects/Cashier/[39mnode_modules/[4m@vitest/runner[24m/dist/index.js:145:11
    at [90mfile:///Users/xiangyu/Projects/Cashier/[39mnode_modules/[4m@vitest/runner[24m/dist/index.js:915:26
    at [90mfile:///Users/xiangyu/Projects/Cashier/[39mnode_modules/[4m@vitest/runner[24m/dist/index.js:1243:20
    at new Promise (<anonymous>)
    at runWithTimeout [90m(file:///Users/xiangyu/Projects/Cashier/[39mnode_modules/[4m@vitest/runner[24m/dist/index.js:1209:10[90m)[39m
    at [90mfile:///Users/xiangyu/Projects/Cashier/[39mnode_modules/[4m@vitest/runner[24m/dist/index.js:1653:37
    at Traces.$ [90m(file:///Users/xiangyu/Projects/Cashier/[39mnode_modules/[4mvitest[24m/dist/chunks/traces.CCmnQaNT.js:142:27[90m)[39m
    at trace [90m(file:///Users/xiangyu/Projects/Cashier/[39mnode_modules/[4mvitest[24m/dist/chunks/test.B8ej_ZHS.js:239:21[90m)[39m
    at runTest [90m(file:///Users/xiangyu/Projects/Cashier/[39mnode_modules/[4m@vitest/runner[24m/dist/index.js:1653:12[90m)[39m

[90mstderr[2m | tests/unit/ai/retry.test.ts[2m > [22m[2mOpenAIClient Retry Logic[2m > [22m[2mshould exhaust retries and throw error
[22m[39mOpenAI request failed (attempt 1/3). Retrying in 10ms... Error: Data parse error
    at [90m/Users/xiangyu/Projects/Cashier/[39mtests/unit/ai/retry.test.ts:83:23
    at [90mfile:///Users/xiangyu/Projects/Cashier/[39mnode_modules/[4m@vitest/runner[24m/dist/index.js:145:11
    at [90mfile:///Users/xiangyu/Projects/Cashier/[39mnode_modules/[4m@vitest/runner[24m/dist/index.js:915:26
    at [90mfile:///Users/xiangyu/Projects/Cashier/[39mnode_modules/[4m@vitest/runner[24m/dist/index.js:1243:20
    at new Promise (<anonymous>)
    at runWithTimeout [90m(file:///Users/xiangyu/Projects/Cashier/[39mnode_modules/[4m@vitest/runner[24m/dist/index.js:1209:10[90m)[39m
    at [90mfile:///Users/xiangyu/Projects/Cashier/[39mnode_modules/[4m@vitest/runner[24m/dist/index.js:1653:37
    at Traces.$ [90m(file:///Users/xiangyu/Projects/Cashier/[39mnode_modules/[4mvitest[24m/dist/chunks/traces.CCmnQaNT.js:142:27[90m)[39m
    at trace [90m(file:///Users/xiangyu/Projects/Cashier/[39mnode_modules/[4mvitest[24m/dist/chunks/test.B8ej_ZHS.js:239:21[90m)[39m
    at runTest [90m(file:///Users/xiangyu/Projects/Cashier/[39mnode_modules/[4m@vitest/runner[24m/dist/index.js:1653:12[90m)[39m

[90mstderr[2m | tests/unit/ai/retry.test.ts[2m > [22m[2mOpenAIClient Retry Logic[2m > [22m[2mshould exhaust retries and throw error
[22m[39mOpenAI request failed (attempt 2/3). Retrying in 20ms... Error: Data parse error
    at [90m/Users/xiangyu/Projects/Cashier/[39mtests/unit/ai/retry.test.ts:83:23
    at [90mfile:///Users/xiangyu/Projects/Cashier/[39mnode_modules/[4m@vitest/runner[24m/dist/index.js:145:11
    at [90mfile:///Users/xiangyu/Projects/Cashier/[39mnode_modules/[4m@vitest/runner[24m/dist/index.js:915:26
    at [90mfile:///Users/xiangyu/Projects/Cashier/[39mnode_modules/[4m@vitest/runner[24m/dist/index.js:1243:20
    at new Promise (<anonymous>)
    at runWithTimeout [90m(file:///Users/xiangyu/Projects/Cashier/[39mnode_modules/[4m@vitest/runner[24m/dist/index.js:1209:10[90m)[39m
    at [90mfile:///Users/xiangyu/Projects/Cashier/[39mnode_modules/[4m@vitest/runner[24m/dist/index.js:1653:37
    at Traces.$ [90m(file:///Users/xiangyu/Projects/Cashier/[39mnode_modules/[4mvitest[24m/dist/chunks/traces.CCmnQaNT.js:142:27[90m)[39m
    at trace [90m(file:///Users/xiangyu/Projects/Cashier/[39mnode_modules/[4mvitest[24m/dist/chunks/test.B8ej_ZHS.js:239:21[90m)[39m
    at runTest [90m(file:///Users/xiangyu/Projects/Cashier/[39mnode_modules/[4m@vitest/runner[24m/dist/index.js:1653:12[90m)[39m

[90mstderr[2m | tests/unit/ai/retry.test.ts[2m > [22m[2mOpenAIClient Retry Logic[2m > [22m[2mshould retry on 5xx errors
[22m[39mOpenAI request failed (attempt 1/3). Retrying in 10ms... Error: 500 Internal Server Error
    at [90m/Users/xiangyu/Projects/Cashier/[39mtests/unit/ai/retry.test.ts:92:23
    at [90mfile:///Users/xiangyu/Projects/Cashier/[39mnode_modules/[4m@vitest/runner[24m/dist/index.js:145:11
    at [90mfile:///Users/xiangyu/Projects/Cashier/[39mnode_modules/[4m@vitest/runner[24m/dist/index.js:915:26
    at [90mfile:///Users/xiangyu/Projects/Cashier/[39mnode_modules/[4m@vitest/runner[24m/dist/index.js:1243:20
    at new Promise (<anonymous>)
    at runWithTimeout [90m(file:///Users/xiangyu/Projects/Cashier/[39mnode_modules/[4m@vitest/runner[24m/dist/index.js:1209:10[90m)[39m
    at [90mfile:///Users/xiangyu/Projects/Cashier/[39mnode_modules/[4m@vitest/runner[24m/dist/index.js:1653:37
    at Traces.$ [90m(file:///Users/xiangyu/Projects/Cashier/[39mnode_modules/[4mvitest[24m/dist/chunks/traces.CCmnQaNT.js:142:27[90m)[39m
    at trace [90m(file:///Users/xiangyu/Projects/Cashier/[39mnode_modules/[4mvitest[24m/dist/chunks/test.B8ej_ZHS.js:239:21[90m)[39m
    at runTest [90m(file:///Users/xiangyu/Projects/Cashier/[39mnode_modules/[4m@vitest/runner[24m/dist/index.js:1653:12[90m)[39m

 [32m✓[39m tests/unit/ai/retry.test.ts [2m([22m[2m5 tests[22m[2m)[22m[32m 126[2mms[22m[39m
[90mstdout[2m | tests/unit/message-processor/processor.test.ts
[22m[39m{
  severity_local: [32m'NOTICE'[39m,
  severity: [32m'NOTICE'[39m,
  code: [32m'42P07'[39m,
  message: [32m'relation "api_keys" already exists, skipping'[39m,
  file: [32m'parse_utilcmd.c'[39m,
  line: [32m'207'[39m,
  routine: [32m'transformCreateStmt'[39m
}

[90mstderr[2m | tests/unit/message-processor/processor.test.ts[2m > [22m[2mOpenAIMessageProcessor[2m > [22m[2mprocess()[2m > [22m[2mshould throw error on invalid JSON response
[22m[39mFailed to parse AI response: SyntaxError: Unexpected token 'S', "Sorry, I c"... is not valid JSON
    at JSON.parse (<anonymous>)
    at OpenAIMessageProcessor.parseResponse [90m(/Users/xiangyu/Projects/Cashier/[39msrc/lib/message-processor/processor.ts:102:27[90m)[39m
    at OpenAIMessageProcessor.process [90m(/Users/xiangyu/Projects/Cashier/[39msrc/lib/message-processor/processor.ts:83:23[90m)[39m
[90m    at processTicksAndRejections (node:internal/process/task_queues:104:5)[39m
Raw response: Sorry, I cannot parse this.

[90mstderr[2m | tests/unit/message-processor/processor.test.ts[2m > [22m[2mOpenAIMessageProcessor[2m > [22m[2mparseResponse() - edge cases[2m > [22m[2mshould reject negative amounts via Zod validation
[22m[39mFailed to parse AI response: ZodError: [
  {
    "origin": "number",
    "code": "too_small",
    "minimum": 0,
    "inclusive": false,
    "path": [
      "transactions",
      0,
      "amount"
    ],
    "message": "Too small: expected number to be >0"
  }
]
    at OpenAIMessageProcessor.parseResponse [90m(/Users/xiangyu/Projects/Cashier/[39msrc/lib/message-processor/processor.ts:103:42[90m)[39m
    at OpenAIMessageProcessor.process [90m(/Users/xiangyu/Projects/Cashier/[39msrc/lib/message-processor/processor.ts:83:23[90m)[39m
[90m    at processTicksAndRejections (node:internal/process/task_queues:104:5)[39m
Raw response: {"transactions":[{"item_name":"Refund","amount":-50,"currency":"CNY","category":null,"transaction_date":null}]}

[90mstderr[2m | tests/unit/message-processor/processor.test.ts[2m > [22m[2mOpenAIMessageProcessor[2m > [22m[2mparseResponse() - edge cases[2m > [22m[2mshould reject zero amount via Zod validation
[22m[39mFailed to parse AI response: ZodError: [
  {
    "origin": "number",
    "code": "too_small",
    "minimum": 0,
    "inclusive": false,
    "path": [
      "transactions",
      0,
      "amount"
    ],
    "message": "Too small: expected number to be >0"
  }
]
    at OpenAIMessageProcessor.parseResponse [90m(/Users/xiangyu/Projects/Cashier/[39msrc/lib/message-processor/processor.ts:103:42[90m)[39m
    at OpenAIMessageProcessor.process [90m(/Users/xiangyu/Projects/Cashier/[39msrc/lib/message-processor/processor.ts:83:23[90m)[39m
[90m    at processTicksAndRejections (node:internal/process/task_queues:104:5)[39m
Raw response: {"transactions":[{"item_name":"Free Item","amount":0,"currency":"CNY","category":null,"transaction_date":null}]}

[90mstderr[2m | tests/unit/message-processor/processor.test.ts[2m > [22m[2mOpenAIMessageProcessor[2m > [22m[2mparseResponse() - edge cases[2m > [22m[2mshould handle malformed JSON gracefully
[22m[39mFailed to parse AI response: SyntaxError: Unexpected end of JSON input
    at JSON.parse (<anonymous>)
    at OpenAIMessageProcessor.parseResponse [90m(/Users/xiangyu/Projects/Cashier/[39msrc/lib/message-processor/processor.ts:102:27[90m)[39m
    at OpenAIMessageProcessor.process [90m(/Users/xiangyu/Projects/Cashier/[39msrc/lib/message-processor/processor.ts:83:23[90m)[39m
[90m    at processTicksAndRejections (node:internal/process/task_queues:104:5)[39m
Raw response: {"transactions": [

 [32m✓[39m tests/unit/message-processor/processor.test.ts [2m([22m[2m20 tests[22m[2m)[22m[32m 101[2mms[22m[39m
[90mstdout[2m | tests/integration/api/categories.test.ts
[22m[39m{
  severity_local: [32m'NOTICE'[39m,
  severity: [32m'NOTICE'[39m,
  code: [32m'42P07'[39m,
  message: [32m'relation "api_keys" already exists, skipping'[39m,
  file: [32m'parse_utilcmd.c'[39m,
  line: [32m'207'[39m,
  routine: [32m'transformCreateStmt'[39m
}

 [32m✓[39m tests/integration/api/categories.test.ts [2m([22m[2m9 tests[22m[2m)[22m[32m 113[2mms[22m[39m
[90mstdout[2m | tests/integration/api/ledgers.test.ts
[22m[39m{
  severity_local: [32m'NOTICE'[39m,
  severity: [32m'NOTICE'[39m,
  code: [32m'42P07'[39m,
  message: [32m'relation "api_keys" already exists, skipping'[39m,
  file: [32m'parse_utilcmd.c'[39m,
  line: [32m'207'[39m,
  routine: [32m'transformCreateStmt'[39m
}

 [32m✓[39m tests/integration/api/ledgers.test.ts [2m([22m[2m6 tests[22m[2m)[22m[32m 94[2mms[22m[39m
[90mstdout[2m | tests/integration/api/api-keys.test.ts
[22m[39m{
  severity_local: [32m'NOTICE'[39m,
  severity: [32m'NOTICE'[39m,
  code: [32m'42P07'[39m,
  message: [32m'relation "api_keys" already exists, skipping'[39m,
  file: [32m'parse_utilcmd.c'[39m,
  line: [32m'207'[39m,
  routine: [32m'transformCreateStmt'[39m
}

 [32m✓[39m tests/integration/api/api-keys.test.ts [2m([22m[2m4 tests[22m[2m)[22m[32m 84[2mms[22m[39m
[90mstdout[2m | tests/unit/db/input-messages.test.ts
[22m[39m{
  severity_local: [32m'NOTICE'[39m,
  severity: [32m'NOTICE'[39m,
  code: [32m'42P07'[39m,
  message: [32m'relation "api_keys" already exists, skipping'[39m,
  file: [32m'parse_utilcmd.c'[39m,
  line: [32m'207'[39m,
  routine: [32m'transformCreateStmt'[39m
}

 [32m✓[39m tests/unit/db/input-messages.test.ts [2m([22m[2m7 tests[22m[2m)[22m[32m 88[2mms[22m[39m
[90mstdout[2m | tests/integration/api/batch-confirm.test.ts
[22m[39m{
  severity_local: [32m'NOTICE'[39m,
  severity: [32m'NOTICE'[39m,
  code: [32m'42P07'[39m,
  message: [32m'relation "api_keys" already exists, skipping'[39m,
  file: [32m'parse_utilcmd.c'[39m,
  line: [32m'207'[39m,
  routine: [32m'transformCreateStmt'[39m
}

 [32m✓[39m tests/integration/api/batch-confirm.test.ts [2m([22m[2m3 tests[22m[2m)[22m[32m 73[2mms[22m[39m
[90mstdout[2m | tests/integration/api/ledger-detail.test.ts
[22m[39m{
  severity_local: [32m'NOTICE'[39m,
  severity: [32m'NOTICE'[39m,
  code: [32m'42P07'[39m,
  message: [32m'relation "api_keys" already exists, skipping'[39m,
  file: [32m'parse_utilcmd.c'[39m,
  line: [32m'207'[39m,
  routine: [32m'transformCreateStmt'[39m
}

 [32m✓[39m tests/integration/api/ledger-detail.test.ts [2m([22m[2m5 tests[22m[2m)[22m[32m 75[2mms[22m[39m
[90mstdout[2m | tests/unit/db/categories.test.ts
[22m[39m{
  severity_local: [32m'NOTICE'[39m,
  severity: [32m'NOTICE'[39m,
  code: [32m'42P07'[39m,
  message: [32m'relation "api_keys" already exists, skipping'[39m,
  file: [32m'parse_utilcmd.c'[39m,
  line: [32m'207'[39m,
  routine: [32m'transformCreateStmt'[39m
}

 [32m✓[39m tests/unit/db/categories.test.ts [2m([22m[2m6 tests[22m[2m)[22m[32m 87[2mms[22m[39m
[90mstdout[2m | tests/unit/db/ledgers.test.ts
[22m[39m{
  severity_local: [32m'NOTICE'[39m,
  severity: [32m'NOTICE'[39m,
  code: [32m'42P07'[39m,
  message: [32m'relation "api_keys" already exists, skipping'[39m,
  file: [32m'parse_utilcmd.c'[39m,
  line: [32m'207'[39m,
  routine: [32m'transformCreateStmt'[39m
}

 [32m✓[39m tests/unit/db/ledgers.test.ts [2m([22m[2m5 tests[22m[2m)[22m[32m 79[2mms[22m[39m
[90mstdout[2m | tests/unit/ai/prompts.test.ts
[22m[39m{
  severity_local: [32m'NOTICE'[39m,
  severity: [32m'NOTICE'[39m,
  code: [32m'42P07'[39m,
  message: [32m'relation "api_keys" already exists, skipping'[39m,
  file: [32m'parse_utilcmd.c'[39m,
  line: [32m'207'[39m,
  routine: [32m'transformCreateStmt'[39m
}

 [32m✓[39m tests/unit/ai/prompts.test.ts [2m([22m[2m7 tests[22m[2m)[22m[32m 67[2mms[22m[39m
[90mstdout[2m | tests/unit/components/TransactionQueueStatus.test.tsx
[22m[39m{
  severity_local: [32m'NOTICE'[39m,
  severity: [32m'NOTICE'[39m,
  code: [32m'42P07'[39m,
  message: [32m'relation "api_keys" already exists, skipping'[39m,
  file: [32m'parse_utilcmd.c'[39m,
  line: [32m'207'[39m,
  routine: [32m'transformCreateStmt'[39m
}

 [32m✓[39m tests/unit/components/TransactionQueueStatus.test.tsx [2m([22m[2m2 tests[22m[2m)[22m[32m 67[2mms[22m[39m
[90mstdout[2m | tests/unit/message-processor/types.test.ts
[22m[39m{
  severity_local: [32m'NOTICE'[39m,
  severity: [32m'NOTICE'[39m,
  code: [32m'42P07'[39m,
  message: [32m'relation "api_keys" already exists, skipping'[39m,
  file: [32m'parse_utilcmd.c'[39m,
  line: [32m'207'[39m,
  routine: [32m'transformCreateStmt'[39m
}

 [32m✓[39m tests/unit/message-processor/types.test.ts [2m([22m[2m7 tests[22m[2m)[22m[32m 68[2mms[22m[39m

[31m⎯⎯⎯⎯⎯⎯⎯[39m[1m[41m Failed Tests 3 [49m[22m[31m⎯⎯⎯⎯⎯⎯⎯[39m

[41m[1m FAIL [22m[49m tests/unit/components/BatchTransactionCard.test.tsx[2m > [22mBatchTransactionCard[2m > [22mrenders transaction details groups
[31m[1mTestingLibraryElementError[22m: Unable to find an element with the text: Food. This could be because the text is broken up by multiple elements. In this case, you can provide a function for your text matcher to make your matcher more flexible.

Ignored nodes: comments, script, style
[36m<body>[31m
  [36m<div>[31m
    [36m<div[31m
      [33mclass[31m=[32m"bg-white rounded-lg shadow-sm border border-gray-100 overflow-hidden mb-6"[31m
    [36m>[31m
      [36m<div[31m
        [33mclass[31m=[32m"px-4 py-3 bg-gray-50/50 border-b border-gray-100 flex justify-between items-center"[31m
      [36m>[31m
        [36m<span[31m
          [33mclass[31m=[32m"text-sm font-medium text-muted"[31m
        [36m>[31m
          [0m1月1日 12:00[0m
        [36m</span>[31m
        [36m<div[31m
          [33mclass[31m=[32m"flex items-center gap-3"[31m
        [36m>[31m
          [36m<div[31m
            [33mclass[31m=[32m"inline-flex items-center rounded-sm border px-2 py-0.5 text-xs transition-colors focus:outline-none focus:ring-2 focus:ring-ring focus:ring-offset-2 border-transparent bg-surface2 text-text hover:bg-surface2/80 font-normal"[31m
          [36m>[31m
            [0m排队中[0m
          [36m</div>[31m
        [36m</div>[31m
      [36m</div>[31m
      [36m<div[31m
        [33mclass[31m=[32m"p-4 space-y-3"[31m
      [36m>[31m
        [36m<div[31m
          [33mclass[31m=[32m"text-text bg-surface2/30 p-3 rounded-md text-sm whitespace-pre-wrap leading-relaxed"[31m
        [36m>[31m
          [0mLunch 50[0m
        [36m</div>[31m
      [36m</div>[31m
      [36m<div[31m
        [33mclass[31m=[32m"border-t border-gray-100 divide-y divide-gray-50"[31m
      [36m/>[31m
    [36m</div>[31m
  [36m</div>[31m
[36m</body>[31m[39m
[90m [2m❯[22m Object.getElementError node_modules/@testing-library/dom/dist/config.js:[2m37:19[22m[39m
[90m [2m❯[22m node_modules/@testing-library/dom/dist/query-helpers.js:[2m76:38[22m[39m
[90m [2m❯[22m node_modules/@testing-library/dom/dist/query-helpers.js:[2m52:17[22m[39m
[90m [2m❯[22m node_modules/@testing-library/dom/dist/query-helpers.js:[2m95:19[22m[39m
[36m [2m❯[22m tests/unit/components/BatchTransactionCard.test.tsx:[2m129:23[22m[39m
    [90m127| [39m    [34mit[39m([32m"renders transaction details groups"[39m[33m,[39m () [33m=>[39m {
    [90m128| [39m        render(<BatchTransactionCard inputMessage={baseInputMessage} {…
    [90m129| [39m        [34mexpect[39m(screen[33m.[39m[34mgetByText[39m([32m"Food"[39m))[33m.[39m[34mtoBeTruthy[39m()[33m;[39m
    [90m   | [39m                      [31m^[39m
    [90m130| [39m        [34mexpect[39m(screen[33m.[39m[34mgetByText[39m([36m/50.00/[39m))[33m.[39m[34mtoBeTruthy[39m()[33m;[39m
    [90m131| [39m    })[33m;[39m

[31m[2m⎯⎯⎯⎯⎯⎯⎯⎯⎯⎯⎯⎯⎯⎯⎯⎯⎯⎯⎯⎯⎯⎯⎯⎯[1/3]⎯[22m[39m

[41m[1m FAIL [22m[49m tests/unit/components/BatchTransactionCard.test.tsx[2m > [22mBatchTransactionCard[2m > [22mopens image zoom dialog on click
[31m[1mTestingLibraryElementError[22m[39m: Unable to find an element with the alt text: Zoomed

Ignored nodes: comments, script, style
[36m<body[39m
  [33mdata-scroll-locked[39m=[32m"1"[39m
  [33mstyle[39m=[32m"pointer-events: none;"[39m
[36m>[39m
  [36m<span[39m
    [33maria-hidden[39m=[32m"true"[39m
    [33mdata-aria-hidden[39m=[32m"true"[39m
    [33mdata-radix-focus-guard[39m=[32m""[39m
    [33mstyle[39m=[32m"opacity: 0; position: fixed; pointer-events: none; outline-color: none; outline-style: none; outline-width: initial;"[39m
    [33mtabindex[39m=[32m"0"[39m
  [36m/>[39m
  [36m<div[39m
    [33maria-hidden[39m=[32m"true"[39m
    [33mdata-aria-hidden[39m=[32m"true"[39m
  [36m>[39m
    [36m<div[39m
      [33mclass[39m=[32m"bg-white rounded-lg shadow-sm border border-gray-100 overflow-hidden mb-6"[39m
    [36m>[39m
      [36m<div[39m
        [33mclass[39m=[32m"px-4 py-3 bg-gray-50/50 border-b border-gray-100 flex justify-between items-center"[39m
      [36m>[39m
        [36m<span[39m
          [33mclass[39m=[32m"text-sm font-medium text-muted"[39m
        [36m>[39m
          [0m1月1日 12:00[0m
        [36m</span>[39m
        [36m<div[39m
          [33mclass[39m=[32m"flex items-center gap-3"[39m
        [36m>[39m
          [36m<div[39m
            [33mclass[39m=[32m"inline-flex items-center rounded-sm border px-2 py-0.5 text-xs transition-colors focus:outline-none focus:ring-2 focus:ring-ring focus:ring-offset-2 border-transparent bg-surface2 text-text hover:bg-surface2/80 font-normal"[39m
          [36m>[39m
            [0m排队中[0m
          [36m</div>[39m
        [36m</div>[39m
      [36m</div>[39m
      [36m<div[39m
        [33mclass[39m=[32m"p-4 space-y-3"[39m
      [36m>[39m
        [36m<div[39m
          [33mclass[39m=[32m"grid gap-2 grid-cols-1"[39m
        [36m>[39m
          [36m<div[39m
            [33mclass[39m=[32m"relative aspect-square rounded-lg overflow-hidden border border-border bg-gray-50 cursor-pointer hover:opacity-90 transition-opacity"[39m
          [36m>[39m
            [36m<img[39m
              [33malt[39m=[32m"User upload 1"[39m
              [33mclass[39m=[32m"w-full h-full object-cover"[39m
              [33msrc[39m=[32m"data:image/png;base64,fake-image-data"[39m
            [36m/>[39m
          [36m</div>[39m
        [36m</div>[39m
      [36m</div>[39m
      [36m<div[39m
        [33mclass[39m=[32m"border-t border-gray-100 divide-y divide-gray-50"[39m
      [36m/>[39m
    [36m</div>[39m
  [36m</div>[39m
  [36m<div[39m
    [33maria-hidden[39m=[32m"true"[39m
    [33mclass[39m=[32m"fixed inset-0 z-modal bg-black/50 data-[state=open]:animate-in data-[state=closed]:animate-out data-[state=closed]:fade-out-0 data-[state=open]:fade-in-0"[39m
    [33mdata-aria-hidden[39m=[32m"true"[39m
    [33mdata-state[39m=[32m"open"[39m
    [33mstyle[39m=[32m"pointer-events: auto;"[39m
  [36m/>[39m
  [36m<div[39m
    [33maria-describedby[39m=[32m"radix-_r_b_"[39m
    [33maria-labelledby[39m=[32m"radix-_r_a_"[39m
    [33mclass[39m=[32m"fixed left-[50%] top-[50%] z-modal translate-x-[-50%] translate-y-[-50%] gap-4 border border-border shadow-modal duration-200 data-[state=open]:animate-in data-[state=closed]:animate-out data-[state=closed]:fade-out-0 data-[state=open]:fade-in-0 data-[state=closed]:zoom-out-95 data-[state=open]:zoom-in-95 data-[state=closed]:slide-out-to-left-1/2 data-[state=closed]:slide-out-to-top-[48%] data-[state=open]:slide-in-from-left-1/2 data-[state=open]:slide-in-from-top-[48%] sm:rounded-lg max-w-[100vw] max-h-[100vh] w-screen h-screen p-0 border-none bg-black/95 shadow-none flex flex-col items-center justify-center overflow-hidden z-[9999]"[39m
    [33mdata-state[39m=[32m"open"[39m
    [33mid[39m=[32m"radix-_r_9_"[39m
    [33mrole[39m=[32m"dialog"[39m
    [33mstyle[39m=[32m"border-radius: 0px; pointer-events: auto;"[39m
    [33mtabindex[39m=[32m"-1"[39m
  [36m>[39m
    [36m<h2[39m
      [33mclass[39m=[32m"text-lg font-semibold leading-none tracking-tight sr-only"[39m
      [33mid[39m=[32m"radix-_r_a_"[39m
    [36m>[39m
      [0m图片查看[0m
    [36m</h2>[39m
    [36m<p[39m
      [33mclass[39m=[32m"text-sm text-muted-foreground sr-only"[39m
      [33mid[39m=[32m"radix-_r_b_"[39m
    [36m>[39m
      [0mImage Viewer[0m
    [36m</p>[39m
    [36m<div[39m
      [33mclass[39m=[32m"absolute top-4 right-4 z-50 flex items-center gap-2"[39m
    [36m>[39m
      [36m<div[39m
        [33mclass[39m=[32m"flex bg-black/50 rounded-lg p-1 mr-4 backdrop-blur-sm border border-white/10"[39m
      [36m>[39m
        [36m<button[39m
          [33mclass[39m=[32m"inline-flex items-center justify-center gap-2 whitespace-nowrap rounded-md text-sm font-medium transition-all focus-visible:outline-none focus-visible:ring-2 focus-visible:ring-ring/50 disabled:pointer-events-none disabled:opacity-50 [&_svg]:pointer-events-none [&_svg]:size-4 [&_svg]:shrink-0 active:scale-[0.99] text-white hover:bg-white/20 h-8 w-8"[39m
        [36m>[39m
          [36m<svg[39m
            [33maria-hidden[39m=[32m"true"[39m
            [33mclass[39m=[32m"lucide lucide-zoom-out h-4 w-4"[39m
            [33mfill[39m=[32m"none"[39m
            [33mheight[39m=[32m"24"[39m
            [33mstroke[39m=[32m"currentColor"[39m
            [33mstroke-linecap[39m=[32m"round"[39m
            [33mstroke-linejoin[39m=[32m"round"[39m
            [33mstroke-width[39m=[32m"2"[39m
            [33mviewBox[39m=[32m"0 0 24 24"[39m
            [33mwidth[39m=[32m"24"[39m
            [33mxmlns[39m=[32m"http://www.w3.org/2000/svg"[39m
          [36m>[39m
            [36m<circle[39m
              [33mcx[39m=[32m"11"[39m
              [33mcy[39m=[32m"11"[39m
              [33mr[39m=[32m"8"[39m
            [36m/>[39m
            [36m<line[39m
              [33mx1[39m=[32m"21"[39m
              [33mx2[39m=[32m"16.65"[39m
              [33my1[39m=[32m"21"[39m
              [33my2[39m=[32m"16.65"[39m
            [36m/>[39m
            [36m<line[39m
              [33mx1[39m=[32m"8"[39m
              [33mx2[39m=[32m"14"[39m
              [33my1[39m=[32m"11"[39m
              [33my2[39m=[32m"11"[39m
            [36m/>[39m
          [36m</svg>[39m
        [36m</button>[39m
        [36m<span[39m
          [33mclass[39m=[32m"flex items-center justify-center text-white text-xs w-10"[39m
        [36m>[39m
          [0m100[0m
          [0m%[0m
        [36m</span>[39m
        [36m<button[39m
          [33mclass[39m=[32m"inline-flex items-center justify-center gap-2 whitespace-nowrap rounded-md text-sm font-medium transition-all focus-visible:outline-none focus-visible:ring-2 focus-visible:ring-ring/50 disabled:pointer-events-none disabled:opacity-50 [&_svg]:pointer-events-none [&_svg]:size-4 [&_svg]:shrink-0 active:scale-[0.99] text-white hover:bg-white/20 h-8 w-8"[39m
      ...

Ignored nodes: comments, script, style
[36m<body[39m
  [33mdata-scroll-locked[39m=[32m"1"[39m
  [33mstyle[39m=[32m"pointer-events: none;"[39m
[36m>[39m
  [36m<span[39m
    [33maria-hidden[39m=[32m"true"[39m
    [33mdata-aria-hidden[39m=[32m"true"[39m
    [33mdata-radix-focus-guard[39m=[32m""[39m
    [33mstyle[39m=[32m"opacity: 0; position: fixed; pointer-events: none; outline-color: none; outline-style: none; outline-width: initial;"[39m
    [33mtabindex[39m=[32m"0"[39m
  [36m/>[39m
  [36m<div[39m
    [33maria-hidden[39m=[32m"true"[39m
    [33mdata-aria-hidden[39m=[32m"true"[39m
  [36m>[39m
    [36m<div[39m
      [33mclass[39m=[32m"bg-white rounded-lg shadow-sm border border-gray-100 overflow-hidden mb-6"[39m
    [36m>[39m
      [36m<div[39m
        [33mclass[39m=[32m"px-4 py-3 bg-gray-50/50 border-b border-gray-100 flex justify-between items-center"[39m
      [36m>[39m
        [36m<span[39m
          [33mclass[39m=[32m"text-sm font-medium text-muted"[39m
        [36m>[39m
          [0m1月1日 12:00[0m
        [36m</span>[39m
        [36m<div[39m
          [33mclass[39m=[32m"flex items-center gap-3"[39m
        [36m>[39m
          [36m<div[39m
            [33mclass[39m=[32m"inline-flex items-center rounded-sm border px-2 py-0.5 text-xs transition-colors focus:outline-none focus:ring-2 focus:ring-ring focus:ring-offset-2 border-transparent bg-surface2 text-text hover:bg-surface2/80 font-normal"[39m
          [36m>[39m
            [0m排队中[0m
          [36m</div>[39m
        [36m</div>[39m
      [36m</div>[39m
      [36m<div[39m
        [33mclass[39m=[32m"p-4 space-y-3"[39m
      [36m>[39m
        [36m<div[39m
          [33mclass[39m=[32m"grid gap-2 grid-cols-1"[39m
        [36m>[39m
          [36m<div[39m
            [33mclass[39m=[32m"relative aspect-square rounded-lg overflow-hidden border border-border bg-gray-50 cursor-pointer hover:opacity-90 transition-opacity"[39m
          [36m>[39m
            [36m<img[39m
              [33malt[39m=[32m"User upload 1"[39m
              [33mclass[39m=[32m"w-full h-full object-cover"[39m
              [33msrc[39m=[32m"data:image/png;base64,fake-image-data"[39m
            [36m/>[39m
          [36m</div>[39m
        [36m</div>[39m
      [36m</div>[39m
      [36m<div[39m
        [33mclass[39m=[32m"border-t border-gray-100 divide-y divide-gray-50"[39m
      [36m/>[39m
    [36m</div>[39m
  [36m</div>[39m
  [36m<div[39m
    [33maria-hidden[39m=[32m"true"[39m
    [33mclass[39m=[32m"fixed inset-0 z-modal bg-black/50 data-[state=open]:animate-in data-[state=closed]:animate-out data-[state=closed]:fade-out-0 data-[state=open]:fade-in-0"[39m
    [33mdata-aria-hidden[39m=[32m"true"[39m
    [33mdata-state[39m=[32m"open"[39m
    [33mstyle[39m=[32m"pointer-events: auto;"[39m
  [36m/>[39m
  [36m<div[39m
    [33maria-describedby[39m=[32m"radix-_r_b_"[39m
    [33maria-labelledby[39m=[32m"radix-_r_a_"[39m
    [33mclass[39m=[32m"fixed left-[50%] top-[50%] z-modal translate-x-[-50%] translate-y-[-50%] gap-4 border border-border shadow-modal duration-200 data-[state=open]:animate-in data-[state=closed]:animate-out data-[state=closed]:fade-out-0 data-[state=open]:fade-in-0 data-[state=closed]:zoom-out-95 data-[state=open]:zoom-in-95 data-[state=closed]:slide-out-to-left-1/2 data-[state=closed]:slide-out-to-top-[48%] data-[state=open]:slide-in-from-left-1/2 data-[state=open]:slide-in-from-top-[48%] sm:rounded-lg max-w-[100vw] max-h-[100vh] w-screen h-screen p-0 border-none bg-black/95 shadow-none flex flex-col items-center justify-center overflow-hidden z-[9999]"[39m
    [33mdata-state[39m=[32m"open"[39m
    [33mid[39m=[32m"radix-_r_9_"[39m
    [33mrole[39m=[32m"dialog"[39m
    [33mstyle[39m=[32m"border-radius: 0px; pointer-events: auto;"[39m
    [33mtabindex[39m=[32m"-1"[39m
  [36m>[39m
    [36m<h2[39m
      [33mclass[39m=[32m"text-lg font-semibold leading-none tracking-tight sr-only"[39m
      [33mid[39m=[32m"radix-_r_a_"[39m
    [36m>[39m
      [0m图片查看[0m
    [36m</h2>[39m
    [36m<p[39m
      [33mclass[39m=[32m"text-sm text-muted-foreground sr-only"[39m
      [33mid[39m=[32m"radix-_r_b_"[39m
    [36m>[39m
      [0mImage Viewer[0m
    [36m</p>[39m
    [36m<div[39m
      [33mclass[39m=[32m"absolute top-4 right-4 z-50 flex items-center gap-2"[39m
    [36m>[39m
      [36m<div[39m
        [33mclass[39m=[32m"flex bg-black/50 rounded-lg p-1 mr-4 backdrop-blur-sm border border-white/10"[39m
      [36m>[39m
        [36m<button[39m
          [33mclass[39m=[32m"inline-flex items-center justify-center gap-2 whitespace-nowrap rounded-md text-sm font-medium transition-all focus-visible:outline-none focus-visible:ring-2 focus-visible:ring-ring/50 disabled:pointer-events-none disabled:opacity-50 [&_svg]:pointer-events-none [&_svg]:size-4 [&_svg]:shrink-0 active:scale-[0.99] text-white hover:bg-white/20 h-8 w-8"[39m
        [36m>[39m
          [36m<svg[39m
            [33maria-hidden[39m=[32m"true"[39m
            [33mclass[39m=[32m"lucide lucide-zoom-out h-4 w-4"[39m
            [33mfill[39m=[32m"none"[39m
            [33mheight[39m=[32m"24"[39m
            [33mstroke[39m=[32m"currentColor"[39m
            [33mstroke-linecap[39m=[32m"round"[39m
            [33mstroke-linejoin[39m=[32m"round"[39m
            [33mstroke-width[39m=[32m"2"[39m
            [33mviewBox[39m=[32m"0 0 24 24"[39m
            [33mwidth[39m=[32m"24"[39m
            [33mxmlns[39m=[32m"http://www.w3.org/2000/svg"[39m
          [36m>[39m
            [36m<circle[39m
              [33mcx[39m=[32m"11"[39m
              [33mcy[39m=[32m"11"[39m
              [33mr[39m=[32m"8"[39m
            [36m/>[39m
            [36m<line[39m
              [33mx1[39m=[32m"21"[39m
              [33mx2[39m=[32m"16.65"[39m
              [33my1[39m=[32m"21"[39m
              [33my2[39m=[32m"16.65"[39m
            [36m/>[39m
            [36m<line[39m
              [33mx1[39m=[32m"8"[39m
              [33mx2[39m=[32m"14"[39m
              [33my1[39m=[32m"11"[39m
              [33my2[39m=[32m"11"[39m
            [36m/>[39m
          [36m</svg>[39m
        [36m</button>[39m
        [36m<span[39m
          [33mclass[39m=[32m"flex items-center justify-center text-white text-xs w-10"[39m
        [36m>[39m
          [0m100[0m
          [0m%[0m
        [36m</span>[39m
        [36m<button[39m
          [33mclass[39m=[32m"inline-flex items-center justify-center gap-2 whitespace-nowrap rounded-md text-sm font-medium transition-all focus-visible:outline-none focus-visible:ring-2 focus-visible:ring-ring/50 disabled:pointer-events-none disabled:opacity-50 [&_svg]:pointer-events-none [&_svg]:size-4 [&_svg]:shrink-0 active:scale-[0.99] text-white hover:bg-white/20 h-8 w-8"[39m
      ...
[90m [2m❯[22m waitForWrapper node_modules/@testing-library/dom/dist/wait-for.js:[2m163:27[22m[39m
[90m [2m❯[22m node_modules/@testing-library/dom/dist/query-helpers.js:[2m86:33[22m[39m
[36m [2m❯[22m tests/unit/components/BatchTransactionCard.test.tsx:[2m150:40[22m[39m
    [90m148| [39m
    [90m149| [39m        [90m// Expect dialog to be open and show the image[39m
    [90m150| [39m        [35mconst[39m zoomedImg [33m=[39m [35mawait[39m screen[33m.[39m[34mfindByAltText[39m([32m"Zoomed"[39m)[33m;[39m
    [90m   | [39m                                       [31m^[39m
    [90m151| [39m        [34mexpect[39m(zoomedImg)[33m.[39m[34mtoBeTruthy[39m()[33m;[39m
    [90m152| [39m        expect(zoomedImg.getAttribute("src")).toBe("data:image/png;bas…

[31m[2m⎯⎯⎯⎯⎯⎯⎯⎯⎯⎯⎯⎯⎯⎯⎯⎯⎯⎯⎯⎯⎯⎯⎯⎯[2/3]⎯[22m[39m

[41m[1m FAIL [22m[49m tests/integration/flows/full-transaction-flow.test.ts[2m > [22mFull Transaction Flow[2m > [22mshould correctly associate transactions with categories
[31m[1mAssertionError[22m: expected undefined to be defined[39m
[36m [2m❯[22m tests/integration/flows/full-transaction-flow.test.ts:[2m282:20[22m[39m
    [90m280| [39m    [35mconst[39m breadTx [33m=[39m allTransactions[33m.[39m[34mfind[39m((t) [33m=>[39m t[33m.[39mitemName [33m===[39m [32m"面包"[39m)[33m;[39m
    [90m281| [39m
    [90m282| [39m    [34mexpect[39m(milkTx)[33m.[39m[34mtoBeDefined[39m()[33m;[39m
    [90m   | [39m                   [31m^[39m
    [90m283| [39m    [34mexpect[39m(milkTx)[33m.[39m[34mtoBeDefined[39m()[33m;[39m
    [90m284| [39m    [34mexpect[39m(breadTx)[33m.[39m[34mtoBeDefined[39m()[33m;[39m

[31m[2m⎯⎯⎯⎯⎯⎯⎯⎯⎯⎯⎯⎯⎯⎯⎯⎯⎯⎯⎯⎯⎯⎯⎯⎯[3/3]⎯[22m[39m


[2m Test Files [22m [1m[31m2 failed[39m[22m[2m | [22m[1m[32m17 passed[39m[22m[90m (19)[39m
[2m      Tests [22m [1m[31m3 failed[39m[22m[2m | [22m[1m[32m131 passed[39m[22m[90m (134)[39m
[2m   Start at [22m 22:10:16
[2m   Duration [22m 13.75s[2m (transform 240ms, setup 4.45s, import 635ms, tests 4.63s, environment 2.12s)[22m

